&&&& RUNNING TensorRT.trtexec [TensorRT v100300] # /usr/src/tensorrt/bin/trtexec --loadEngine=/home/orin/edge-ai-local-models/stage_k/yolov8n_neudet_trt10.3_fp16_b1_640.engine --device=0 --iterations=1 --warmUp=0 --duration=1
[07/27/2026-21:37:02] [I] === Model Options ===
[07/27/2026-21:37:02] [I] Format: *
[07/27/2026-21:37:02] [I] Model: 
[07/27/2026-21:37:02] [I] Output:
[07/27/2026-21:37:02] [I] 
[07/27/2026-21:37:02] [I] === System Options ===
[07/27/2026-21:37:02] [I] Device: 0
[07/27/2026-21:37:02] [I] DLACore: 
[07/27/2026-21:37:02] [I] Plugins:
[07/27/2026-21:37:02] [I] setPluginsToSerialize:
[07/27/2026-21:37:02] [I] dynamicPlugins:
[07/27/2026-21:37:02] [I] ignoreParsedPluginLibs: 0
[07/27/2026-21:37:02] [I] 
[07/27/2026-21:37:02] [I] === Inference Options ===
[07/27/2026-21:37:02] [I] Batch: Explicit
[07/27/2026-21:37:02] [I] Input inference shapes: model
[07/27/2026-21:37:02] [I] Iterations: 1
[07/27/2026-21:37:02] [I] Duration: 1s (+ 0ms warm up)
[07/27/2026-21:37:02] [I] Sleep time: 0ms
[07/27/2026-21:37:02] [I] Idle time: 0ms
[07/27/2026-21:37:02] [I] Inference Streams: 1
[07/27/2026-21:37:02] [I] ExposeDMA: Disabled
[07/27/2026-21:37:02] [I] Data transfers: Enabled
[07/27/2026-21:37:02] [I] Spin-wait: Disabled
[07/27/2026-21:37:02] [I] Multithreading: Disabled
[07/27/2026-21:37:02] [I] CUDA Graph: Disabled
[07/27/2026-21:37:02] [I] Separate profiling: Disabled
[07/27/2026-21:37:02] [I] Time Deserialize: Disabled
[07/27/2026-21:37:02] [I] Time Refit: Disabled
[07/27/2026-21:37:02] [I] NVTX verbosity: 0
[07/27/2026-21:37:02] [I] Persistent Cache Ratio: 0
[07/27/2026-21:37:02] [I] Optimization Profile Index: 0
[07/27/2026-21:37:02] [I] Weight Streaming Budget: 100.000000%
[07/27/2026-21:37:02] [I] Inputs:
[07/27/2026-21:37:02] [I] Debug Tensor Save Destinations:
[07/27/2026-21:37:02] [I] === Reporting Options ===
[07/27/2026-21:37:02] [I] Verbose: Disabled
[07/27/2026-21:37:02] [I] Averages: 10 inferences
[07/27/2026-21:37:02] [I] Percentiles: 90,95,99
[07/27/2026-21:37:02] [I] Dump refittable layers:Disabled
[07/27/2026-21:37:02] [I] Dump output: Disabled
[07/27/2026-21:37:02] [I] Profile: Disabled
[07/27/2026-21:37:02] [I] Export timing to JSON file: 
[07/27/2026-21:37:02] [I] Export output to JSON file: 
[07/27/2026-21:37:02] [I] Export profile to JSON file: 
[07/27/2026-21:37:02] [I] 
[07/27/2026-21:37:02] [I] === Device Information ===
[07/27/2026-21:37:02] [I] Available Devices: 
[07/27/2026-21:37:02] [I]   Device 0: "Orin" UUID: GPU-00d9e988-e0f1-5b17-ba75-b6d28f10c113
[07/27/2026-21:37:02] [I] Selected Device: Orin
[07/27/2026-21:37:02] [I] Selected Device ID: 0
[07/27/2026-21:37:02] [I] Selected Device UUID: GPU-00d9e988-e0f1-5b17-ba75-b6d28f10c113
[07/27/2026-21:37:02] [I] Compute Capability: 8.7
[07/27/2026-21:37:02] [I] SMs: 8
[07/27/2026-21:37:02] [I] Device Global Memory: 7607 MiB
[07/27/2026-21:37:02] [I] Shared Memory per SM: 164 KiB
[07/27/2026-21:37:02] [I] Memory Bus Width: 128 bits (ECC disabled)
[07/27/2026-21:37:02] [I] Application Compute Clock Rate: 1.02 GHz
[07/27/2026-21:37:02] [I] Application Memory Clock Rate: 1.02 GHz
[07/27/2026-21:37:02] [I] 
[07/27/2026-21:37:02] [I] Note: The application clock rates do not reflect the actual clock rates that the GPU is currently running at.
[07/27/2026-21:37:02] [I] 
[07/27/2026-21:37:02] [I] TensorRT version: 10.3.0
[07/27/2026-21:37:02] [I] Loading standard plugins
[07/27/2026-21:37:02] [I] [TRT] Loaded engine size: 8 MiB
[07/27/2026-21:37:02] [I] Engine deserialized in 0.0755365 sec.
[07/27/2026-21:37:02] [I] [TRT] [MemUsageChange] TensorRT-managed allocation in IExecutionContext creation: CPU +0, GPU +9, now: CPU 0, GPU 14 (MiB)
[07/27/2026-21:37:02] [I] Setting persistentCacheLimit to 0 bytes.
[07/27/2026-21:37:02] [I] Created execution context with device memory size: 8.64258 MiB
[07/27/2026-21:37:02] [I] Using random values for input images
[07/27/2026-21:37:02] [I] Input binding for images with dimensions 1x3x640x640 is created.
[07/27/2026-21:37:02] [I] Output binding for output0 with dimensions 1x10x8400 is created.
[07/27/2026-21:37:02] [I] Starting inference
[07/27/2026-21:37:03] [I] Warmup completed 0 queries over 0 ms
[07/27/2026-21:37:03] [I] Timing trace has 246 queries over 1.00705 s
[07/27/2026-21:37:03] [I] 
[07/27/2026-21:37:03] [I] === Trace details ===
[07/27/2026-21:37:03] [I] Trace averages of 10 runs:
[07/27/2026-21:37:03] [I] Average on 10 runs - GPU latency: 9.38585 ms - Host latency: 9.9933 ms (enqueue 5.10051 ms)
[07/27/2026-21:37:03] [I] Average on 10 runs - GPU latency: 4.68568 ms - Host latency: 5.18445 ms (enqueue 2.46779 ms)
[07/27/2026-21:37:03] [I] Average on 10 runs - GPU latency: 3.95213 ms - Host latency: 4.44607 ms (enqueue 2.65373 ms)
[07/27/2026-21:37:03] [I] Average on 10 runs - GPU latency: 3.95067 ms - Host latency: 4.43416 ms (enqueue 2.72638 ms)
[07/27/2026-21:37:03] [I] Average on 10 runs - GPU latency: 3.95097 ms - Host latency: 4.44498 ms (enqueue 2.73711 ms)
[07/27/2026-21:37:03] [I] Average on 10 runs - GPU latency: 3.95044 ms - Host latency: 4.43776 ms (enqueue 2.79413 ms)
[07/27/2026-21:37:03] [I] Average on 10 runs - GPU latency: 3.94857 ms - Host latency: 4.43598 ms (enqueue 2.79721 ms)
[07/27/2026-21:37:03] [I] Average on 10 runs - GPU latency: 3.94915 ms - Host latency: 4.43866 ms (enqueue 2.80542 ms)
[07/27/2026-21:37:03] [I] Average on 10 runs - GPU latency: 3.96966 ms - Host latency: 4.46902 ms (enqueue 2.85788 ms)
[07/27/2026-21:37:03] [I] Average on 10 runs - GPU latency: 3.95348 ms - Host latency: 4.44997 ms (enqueue 2.7954 ms)
[07/27/2026-21:37:03] [I] Average on 10 runs - GPU latency: 3.95146 ms - Host latency: 4.44416 ms (enqueue 2.79008 ms)
[07/27/2026-21:37:03] [I] Average on 10 runs - GPU latency: 3.95072 ms - Host latency: 4.43854 ms (enqueue 2.72542 ms)
[07/27/2026-21:37:03] [I] Average on 10 runs - GPU latency: 3.95077 ms - Host latency: 4.43964 ms (enqueue 2.79007 ms)
[07/27/2026-21:37:03] [I] Average on 10 runs - GPU latency: 3.9528 ms - Host latency: 4.44246 ms (enqueue 2.77736 ms)
[07/27/2026-21:37:03] [I] Average on 10 runs - GPU latency: 3.95137 ms - Host latency: 4.43675 ms (enqueue 2.78381 ms)
[07/27/2026-21:37:03] [I] Average on 10 runs - GPU latency: 3.94799 ms - Host latency: 4.43877 ms (enqueue 2.80541 ms)
[07/27/2026-21:37:03] [I] Average on 10 runs - GPU latency: 3.94713 ms - Host latency: 4.43643 ms (enqueue 2.79191 ms)
[07/27/2026-21:37:03] [I] Average on 10 runs - GPU latency: 3.94951 ms - Host latency: 4.43653 ms (enqueue 2.80538 ms)
[07/27/2026-21:37:03] [I] Average on 10 runs - GPU latency: 3.84288 ms - Host latency: 4.32006 ms (enqueue 2.79247 ms)
[07/27/2026-21:37:03] [I] Average on 10 runs - GPU latency: 3.46354 ms - Host latency: 3.80132 ms (enqueue 2.65347 ms)
[07/27/2026-21:37:03] [I] Average on 10 runs - GPU latency: 3.46204 ms - Host latency: 3.79822 ms (enqueue 2.53466 ms)
[07/27/2026-21:37:03] [I] Average on 10 runs - GPU latency: 3.45917 ms - Host latency: 3.79414 ms (enqueue 2.5322 ms)
[07/27/2026-21:37:03] [I] Average on 10 runs - GPU latency: 3.46009 ms - Host latency: 3.79538 ms (enqueue 2.52747 ms)
[07/27/2026-21:37:03] [I] Average on 10 runs - GPU latency: 3.46034 ms - Host latency: 3.79737 ms (enqueue 2.54154 ms)
[07/27/2026-21:37:03] [I] 
[07/27/2026-21:37:03] [I] === Performance summary ===
[07/27/2026-21:37:03] [I] Throughput: 244.277 qps
[07/27/2026-21:37:03] [I] Latency: min = 3.71472 ms, max = 32.6015 ms, mean = 4.54568 ms, median = 4.43436 ms, percentile(90%) = 4.47302 ms, percentile(95%) = 5.47233 ms, percentile(99%) = 10.9956 ms
[07/27/2026-21:37:03] [I] Enqueue Time: min = 1.72696 ms, max = 32.5357 ms, mean = 2.80912 ms, median = 2.75159 ms, percentile(90%) = 2.82355 ms, percentile(95%) = 2.84445 ms, percentile(99%) = 2.974 ms
[07/27/2026-21:37:03] [I] H2D Latency: min = 0.298584 ms, max = 0.662209 ms, mean = 0.412716 ms, median = 0.432968 ms, percentile(90%) = 0.453957 ms, percentile(95%) = 0.463257 ms, percentile(99%) = 0.616543 ms
[07/27/2026-21:37:03] [I] GPU Compute Time: min = 3.39282 ms, max = 31.9439 ms, mean = 4.086 ms, median = 3.94922 ms, percentile(90%) = 3.96225 ms, percentile(95%) = 4.97235 ms, percentile(99%) = 10.3074 ms
[07/27/2026-21:37:03] [I] D2H Latency: min = 0.0167236 ms, max = 0.0760498 ms, mean = 0.0469686 ms, median = 0.0411301 ms, percentile(90%) = 0.0683289 ms, percentile(95%) = 0.0694885 ms, percentile(99%) = 0.0738983 ms
[07/27/2026-21:37:03] [I] Total Host Walltime: 1.00705 s
[07/27/2026-21:37:03] [I] Total GPU Compute Time: 1.00516 s
[07/27/2026-21:37:03] [I] Explanations of the performance metrics are printed in the verbose logs.
[07/27/2026-21:37:03] [I] 
&&&& PASSED TensorRT.trtexec [TensorRT v100300] # /usr/src/tensorrt/bin/trtexec --loadEngine=/home/orin/edge-ai-local-models/stage_k/yolov8n_neudet_trt10.3_fp16_b1_640.engine --device=0 --iterations=1 --warmUp=0 --duration=1
